I'm sorry, but errors were detected in your script. Please correct the
errors listed below, and try again.


File "game/script.rpy", line 90: expected statement.
    g21.state = "result"
              ^

Ren'Py Version: Ren'Py 7.4.11.2266
Sun Aug 17 11:45:40 2025
